<html>
<body>
<pre>
<h1>礦ision Build Log</h1>
<h2>Tool Versions:</h2>
IDE-Version: μVision V5.24.2.0
Copyright (C) 2017 ARM Ltd and ARM Germany GmbH. All rights reserved.
License Information: kjfghkjfh hkhkj, jkjjjkjkh, LIC=47GU5-GD2NE-SBSEJ-U4VFT-TH5ED-6Q8K4
 
Tool Versions:
Toolchain:       MDK-ARM Plus  Version: 5.24.1
Toolchain Path:  C:\Keil_v51\ARM\ARMCC\Bin
C Compiler:      Armcc.exe V5.06 update 5 (build 528)
Assembler:       Armasm.exe V5.06 update 5 (build 528)
Linker/Locator:  ArmLink.exe V5.06 update 5 (build 528)
Library Manager: ArmAr.exe V5.06 update 5 (build 528)
Hex Converter:   FromElf.exe V5.06 update 5 (build 528)
CPU DLL:         SARMCM3.DLL V5.24.1
Dialog DLL:      DARMSTM.DLL V1.68.0.0
Target DLL:      STLink\ST-LINKIII-KEIL_SWO.dll V3.0.1.0
Dialog DLL:      TARMSTM.DLL V1.66.0.0
 
<h2>Project:</h2>
D:\BaiduNetdiskDownload\stm32\战舰\2，标准例程-库函数版本\实验1 跑马灯实验\USER\LED.uvprojx
Project File Date:  05/10/2023

<h2>Output:</h2>
*** Using Compiler 'V5.06 update 5 (build 528)', folder: 'C:\Keil_v51\ARM\ARMCC\Bin'
Rebuild target 'LED'
assembling startup_stm32f10x_hd.s...
compiling stm32f10x_it.c...
compiling stm32f10x_usart.c...
compiling delay.c...
compiling usart.c...
compiling stm32f10x_rcc.c...
compiling stm32f10x_dbgmcu.c...
compiling stm32f10x_gpio.c...
compiling system_stm32f10x.c...
compiling misc.c...
compiling led.c...
compiling main.c...
compiling core_cm3.c...
compiling sys.c...
linking...
Program Size: Code=1564 RO-data=336 RW-data=32 ZI-data=1832  
FromELF: creating hex file...
"..\OBJ\LED.axf" - 0 Error(s), 0 Warning(s).

<h2>Software Packages used:</h2>

Package Vendor: Keil
                http://www.keil.com/pack/Keil.STM32F1xx_DFP.2.2.0.pack
                Keil.STM32F1xx_DFP.2.2.0
                STMicroelectronics STM32F1 Series Device Support, Drivers and Examples

<h2>Collection of Component include folders:</h2>
  .\RTE\_LED
  C:\Keil_v51\ARM\PACK\Keil\STM32F1xx_DFP\2.2.0\Device\Include

<h2>Collection of Component Files used:</h2>
Build Time Elapsed:  00:00:04
</pre>
</body>
</html>
